// Jest Snapshot v1, https://goo.gl/fbAQLP

exports[`index.example.ts 1`] = `
"// @flow
// Generated using flowgen2

import type {Foo} from './index-headers.example';
import type {Bar} from './index-headers.example';
export type {Foo};
export type {Bar as Baz};
"
`;
